
=======================================================
Running: http POST http://127.0.0.1:8000/api/auth/login/ email=homeowner@test.com password=pass1234
=======================================================
{"status":"success","data":{"token":"b6463ec7365169b0ec58b5285fdc00dd5a4c377e"}}

[Extracted Token: b6463ec7365169b0ec58b5285fdc00dd5a4c377e]

=======================================================
Running: http GET http://127.0.0.1:8000/api/services/
=======================================================
{"status":"success","data":[{"id":1,"name":"Plumbing Test","description":"Test","category":"Fixing","price":"100.00"}]}

=======================================================
Running: http POST http://127.0.0.1:8000/api/bookings/ Authorization:Token b6463ec7365169b0ec58b5285fdc00dd5a4c377e service=1 scheduled_date=2026-05-10
=======================================================
{"status":"success","data":{"id":1,"status":"pending","scheduled_date":"2026-05-10","homeowner":2,"service":1}}

=======================================================
Running: http GET http://127.0.0.1:8000/api/bookings/ Authorization:Token b6463ec7365169b0ec58b5285fdc00dd5a4c377e
=======================================================
{"status":"success","data":[{"id":1,"status":"pending","scheduled_date":"2026-05-10","homeowner":2,"service":1}]}
